[skytex.dev/index.html]
[backblue.gif]
[fade.gif]
[index.html]
[skytex.dev/assets/favicon.ico]
[skytex.dev/assets/apple-touch-icon.png]
[skytex.dev/assets/favicon-32x32.png]
[skytex.dev/assets/favicon-16x16.png]
[skytex.dev/assets/site.webmanifest]
[skytex.dev/assets/css/all.min.css]
[skytex.dev/assets/css/style.css]
[skytex.dev/assets/js/all.js]
[cdn.jsdelivr.net/gh/devicons/devicon@latest/devicon.min.css]
[code.iconify.design/2/2.0.4/iconify.min.js]
[skytex.dev/assets/js/repo-card.js]
[ajax.googleapis.com/ajax/libs/jquery/3.6.0/jquery.min.js]
[cdnjs.cloudflare.com/ajax/libs/animate.css/4.1.1/animate.min.css]
[unpkg.com/aos@2.3.1/dist/aos.css]
[skytex.dev/assets/Vector 10.png]
[skytex.dev/assets/Vector 11.png]
[skytex.dev/assets/Vector 16.png]
[skytex.dev/assets/Vector 27.png]
[skytex.dev/assets/developer.png]
[skytex.dev/assets/js.png]
[cdn.jsdelivr.net/npm/twemoji@11.3.0/2/72x72/26a1.png]
[skytex.dev/assets/js/script.js]
[skytex.dev/index.html]
[unpkg.com/aos@2.3.1/dist/aos.js]
[skytex.dev/assets/webfonts/fa-brands-400.eot]
[skytex.dev/assets/webfonts/fa-brands-400d41d.eot]
[skytex.dev/assets/webfonts/fa-brands-400.woff2]
[skytex.dev/assets/webfonts/fa-brands-400.woff]
[skytex.dev/assets/webfonts/fa-brands-400.ttf]
[skytex.dev/assets/webfonts/fa-regular-400.eot]
[skytex.dev/assets/webfonts/fa-brands-400.svg]
[skytex.dev/assets/webfonts/fa-regular-400d41d.eot]
[skytex.dev/assets/webfonts/fa-regular-400.woff2]
[skytex.dev/assets/webfonts/fa-regular-400.woff]
[skytex.dev/assets/webfonts/fa-regular-400.ttf]
[skytex.dev/assets/webfonts/fa-regular-400.svg]
[skytex.dev/assets/webfonts/fa-solid-900.eot]
[skytex.dev/assets/webfonts/fa-solid-900d41d.eot]
[skytex.dev/assets/webfonts/fa-solid-900.woff2]
[skytex.dev/assets/webfonts/fa-solid-900.woff]
[skytex.dev/assets/webfonts/fa-solid-900.ttf]
[skytex.dev/assets/css/all.min.css]
[skytex.dev/assets/webfonts/fa-solid-900.svg]
[skytex.dev/assets/yellow-brushstroke.png]
[skytex.dev/assets/css/style.css]
[skytex.dev/assets/js/all.js]
[skytex.dev/Trident/index.html]
[cdn.jsdelivr.net/gh/devicons/devicon@latest/fonts/deviconf801.eot]
[cdn.jsdelivr.net/gh/devicons/devicon@latest/fonts/deviconf801.ttf]
[cdn.jsdelivr.net/gh/devicons/devicon@latest/fonts/deviconf801.woff]
[cdn.jsdelivr.net/gh/devicons/devicon@latest/devicon.min.css]
[skytex.dev/assets/js/repo-card.js]
[cdnjs.cloudflare.com/ajax/libs/animate.css/4.1.1/animate.min.css]
[unpkg.com/aos@2.3.1/dist/aos.css]
[cdn.jsdelivr.net/npm/twemoji@11.3.0/2/72x72/26a1.png]
[skytex.dev/assets/js/script.js]
[skytex.dev/assets/webfonts/fa-brands-400.svg]
[skytex.dev/assets/webfonts/fa-regular-400.svg]
[skytex.dev/assets/webfonts/fa-solid-900.svg]
[raw.githubusercontent.com/ozh/github-colors/master/colors.31.delayed]
[cdn.jsdelivr.net/gh/devicons/devicon@latest/fonts/deviconf801.svg]
[api.github.com/emojis.30.delayed]
[fonts.googleapis.com/css2.2a5a57.delayed]
[skytex.dev/Trident/index.html]
[cdn.jsdelivr.net/gh/devicons/devicon@latest/fonts/deviconf801.svg]
[www.w3.org/2000/svg.32.delayed]
